[staking.shila.tech/index.html]
[backblue.gif]
[fade.gif]
[index.html]
[staking.shila.tech/images/logo1.png]
[staking.shila.tech/css/style8e0e8e0e.css]
[unpkg.com/aos@2.3.1/dist/aos.css]
[staking.shila.tech/css/fontawesome.min.css]
[staking.shila.tech/style.css]
[staking.shila.tech/css/animate.css]
[staking.shila.tech/css/bootstrap.css]
[staking.shila.tech/css/owl.carousel.min.css]
[staking.shila.tech/css/fancybox/jquery.fancybox.min.css]
[staking.shila.tech/css/slick.css]
[staking.shila.tech/css/responsive.css]
[staking.shila.tech/css/dark.scss]
[staking.shila.tech/sweetalert2/dist/sweetalert2.css]
[staking.shila.tech/sweetalert2/dist/sweetalert2.min.css]
[cdnjs.cloudflare.com/ajax/libs/animate.css/4.1.1/animate.min.css]
[staking.shila.tech/GROBOLD.ttf]
[staking.shila.tech/css/GROBOLD.ttf]
[staking.shila.tech/index-2.html]
[staking.shila.tech/stake/images/logo2.png]
[staking.shila.tech/stake/2day.html]
[staking.shila.tech/stake/30day.html]
[staking.shila.tech/images/metamask.png]
[staking.shila.tech/images/walletConnect.png]
[cdnjs.cloudflare.com/ajax/libs/Chart.js/3.8.1/chart.min.js]
[staking.shila.tech/js/jquery.min.js]
[staking.shila.tech/js/circle-progress.js]
[staking.shila.tech/js/bootstrap.min.js]
[staking.shila.tech/js/onpagescroll.js]
[staking.shila.tech/images/background/dol.svg]
[staking.shila.tech/js/jquery.countdown.js]
[staking.shila.tech/js/owl.carousel.js]
[staking.shila.tech/js/slick.min.js]
[staking.shila.tech/js/fancybox/jquery.fancybox.min.js]
[staking.shila.tech/js/script.js]
[unpkg.com/aos@2.3.1/dist/aos.js]
[staking.shila.tech/js/Chart.js]
[unpkg.com/web3modal@1.9.4/dist/index.js]
[staking.shila.tech/sweetalert2/dist/sweetalert2.min.js]
[unpkg.com/evm-chains@0.2.0/dist/umd/index.min.js]
[unpkg.com/@walletconnect/web3-provider@1.6.2/dist/umd/index.min.js]
[unpkg.com/fortmatic@2.2.1/dist/fortmatic.js]
[cdnjs.cloudflare.com/ajax/libs/web3/1.2.7-rc.0/web3.min.js]
[staking.shila.tech/index.html]
[staking.shila.tech/css/Comix_Loud-2.html]
[staking.shila.tech/css/LapsusPro-Bold.html]
[staking.shila.tech/images/background/promo-video-back.jpg]
[staking.shila.tech/images/background/comming-soon.jpg]
[staking.shila.tech/css/style8e0e8e0e.css]
[staking.shila.tech/fonts/Kanit.ttf]
[staking.shila.tech/images/menu.png]
[staking.shila.tech/style.css]
[unpkg.com/aos@2.3.1/dist/aos.css]
[staking.shila.tech/fonts/fa-brands-400.eot]
[staking.shila.tech/css/fontawesome.min.css]
[staking.shila.tech/css/bootstrap.css]
[staking.shila.tech/css/animate.css]
[staking.shila.tech/css/owl.carousel.min.css]
[staking.shila.tech/css/fancybox/jquery.fancybox.min.css]
[staking.shila.tech/css/slick.css]
[staking.shila.tech/css/responsive.css]
[staking.shila.tech/sweetalert2/dist/sweetalert2.css]
[staking.shila.tech/sweetalert2/dist/sweetalert2.min.css]
[cdnjs.cloudflare.com/ajax/libs/animate.css/4.1.1/animate.min.css]
[staking.shila.tech/fontsGROBOLD.html]
[staking.shila.tech/css/Comix_Loud.html]
[staking.shila.tech/index-2.html]
[staking.shila.tech/stake/images/logo1.png]
[staking.shila.tech/stake/css/fontawesome.min.css]
[staking.shila.tech/stake/css/bootstrap.css]
[staking.shila.tech/stake/css/animate.css]
[staking.shila.tech/stake/css/owl.carousel.min.css]
[staking.shila.tech/stake/css/fancybox/jquery.fancybox.min.css]
[staking.shila.tech/stake/css/slick.css]
[staking.shila.tech/stake/css/responsive.css]
[staking.shila.tech/stake/style.css]
[staking.shila.tech/stake/css/dark.scss]
[staking.shila.tech/stake/sweetalert2/dist/sweetalert2.css]
[staking.shila.tech/stake/sweetalert2/dist/sweetalert2.min.css]
[staking.shila.tech/stake/GROBOLD.ttf]
[staking.shila.tech/stake/images/metamask.png]
[staking.shila.tech/stake/images/walletConnect.png]
[staking.shila.tech/stake/js/circle-progress.js]
[staking.shila.tech/stake/js/jquery.min.js]
[staking.shila.tech/stake/js/bootstrap.min.js]
[staking.shila.tech/stake/js/onpagescroll.js]
[staking.shila.tech/stake/js/jquery.countdown.js]
[staking.shila.tech/stake/js/owl.carousel.js]
[staking.shila.tech/stake/js/slick.min.js]
[staking.shila.tech/stake/js/fancybox/jquery.fancybox.min.js]
[staking.shila.tech/stake/js/script.js]
[staking.shila.tech/stake/js/Chart.js]
[staking.shila.tech/stake/sweetalert2/dist/sweetalert2.min.js]
[staking.shila.tech/stake/2day.html]
[staking.shila.tech/images/background/dol.svg]
[staking.shila.tech/stake/js/stake63ea.js]
[staking.shila.tech/stake/js/stake61.js]
[staking.shila.tech/stake/30day.html]
[staking.shila.tech/js/chart-function.js]
[staking.shila.tech/js/stake61ea.html]
[maxcdn.bootstrapcdn.com/bootstrap/3.3.7/css/bootstrap.min.css]
[www.google-analytics.com/analytics.js]
[staking.shila.tech/css/Comix_Loud-2.html]
[staking.shila.tech/css/LapsusPro-Bold.html]
[staking.shila.tech/images/other/line1.html]
[staking.shila.tech/images/other/line2.html]
[staking.shila.tech/images/Backgrounds/bg3_.html]
[staking.shila.tech/images/Backgrounds/bg.html]
[staking.shila.tech/images/Backgrounds/stars-div.html]
[staking.shila.tech/images/arrow1.html]
[staking.shila.tech/images/diamond-base.html]
[staking.shila.tech/images/diamond-main.html]
[staking.shila.tech/images/diamond-top.html]
[staking.shila.tech/images/diamond-base-1.html]
[staking.shila.tech/images/bitcoin-inside.html]
[staking.shila.tech/images/diamond-top-lines.html]
[staking.shila.tech/images/diamond-top-coin.html]
[staking.shila.tech/images/diamond-grid-1.html]
[staking.shila.tech/images/diamond-top-ring.html]
[staking.shila.tech/images/OrbitSquare.html]
[staking.shila.tech/images/diamond-grid-2.html]
[staking.shila.tech/images/page-header-bg.html]
[staking.shila.tech/images/platinum-base.html]
[staking.shila.tech/images/platinum-base-line.html]
[staking.shila.tech/images/platinum-waves.html]
[staking.shila.tech/images/coin-bg-icon.html]
[staking.shila.tech/images/gold-animation-icon.html]
[staking.shila.tech/images/platinum-top-lines.html]
[staking.shila.tech/images/platinum-move-1.html]
[staking.shila.tech/images/platinum-move-2.html]
[staking.shila.tech/images/platinum-move-3.html]
[staking.shila.tech/images/mercury-numbers-1.html]
[staking.shila.tech/images/mercury-earth-map.html]
[staking.shila.tech/images/mercury-earth.html]
[staking.shila.tech/images/earth-icon-1.html]
[staking.shila.tech/images/earth-icon-2.html]
[staking.shila.tech/images/earth-icon-3.html]
[staking.shila.tech/images/earth-icon-4.html]
[staking.shila.tech/images/earth-icon-5.html]
[staking.shila.tech/images/earth-icon-6.html]
[staking.shila.tech/images/mercury-earth-cover.html]
[staking.shila.tech/images/coinpool-dots-circle.html]
[staking.shila.tech/images/coin-1.html]
[staking.shila.tech/images/coin-2.html]
[staking.shila.tech/images/coin-3.html]
[staking.shila.tech/images/coin-4.html]
[staking.shila.tech/images/coin-5.html]
[staking.shila.tech/images/coin-6.html]
[staking.shila.tech/images/coin-7.html]
[staking.shila.tech/images/tr-circle-bg.html]
[staking.shila.tech/images/bg-2.html]
[staking.shila.tech/images/map-bg.html]
[staking.shila.tech/images/slider-line.html]
[staking.shila.tech/images/question-img.html]
[staking.shila.tech/images/question-img-rev.html]
[staking.shila.tech/images/team-bg.html]
[staking.shila.tech/images/bg-1.html]
[staking.shila.tech/images/line1.html]
[staking.shila.tech/images/video-bg-1.html]
[staking.shila.tech/images/user-icon.html]
[staking.shila.tech/images/email-icon.html]
[staking.shila.tech/images/phone-icon.html]
[staking.shila.tech/images/company-icon.html]
[staking.shila.tech/images/message-icon.html]
[staking.shila.tech/images/exchange-list-icon-2.html]
[staking.shila.tech/images/exchange-list-icon.html]
[staking.shila.tech/images/play-btn.html]
[staking.shila.tech/images/pause-btn.html]
[staking.shila.tech/images/Backgrounds/BG-2.html]
[staking.shila.tech/images/down-arrow.html]
[staking.shila.tech/images/bg-5.html]
[staking.shila.tech/images/bg-4.html]
[staking.shila.tech/css/owl.video.play.html]
[staking.shila.tech/images/line2.html]
[staking.shila.tech/stake/fonts/fa-brands-400.eot]
[staking.shila.tech/stake/fonts/fa-brands-400d41d.eot]
[staking.shila.tech/stake/fonts/fa-brands-400.woff2]
[staking.shila.tech/stake/fonts/fa-brands-400.woff]
[staking.shila.tech/stake/fonts/fa-brands-400.ttf]
[staking.shila.tech/stake/fonts/fa-regular-400.eot]
[staking.shila.tech/stake/fonts/fa-regular-400d41d.eot]
[staking.shila.tech/stake/fonts/fa-regular-400.woff2]
[staking.shila.tech/stake/fonts/fa-regular-400.woff]
[staking.shila.tech/stake/fonts/fa-regular-400.ttf]
[staking.shila.tech/stake/fonts/fa-brands-400.svg]
[staking.shila.tech/stake/fonts/fa-solid-900.eot]
[staking.shila.tech/stake/fonts/fa-solid-900d41d.eot]
[staking.shila.tech/stake/fonts/fa-regular-400.svg]
[staking.shila.tech/stake/fonts/fa-solid-900.woff2]
[staking.shila.tech/stake/fonts/fa-solid-900.woff]
[staking.shila.tech/stake/fonts/fa-solid-900.ttf]
[staking.shila.tech/stake/css/fontawesome.min.css]
[staking.shila.tech/stake/css/bootstrap.css]
[staking.shila.tech/stake/css/animate.css]
[staking.shila.tech/stake/css/owl.carousel.min.css]
[staking.shila.tech/stake/css/fancybox/jquery.fancybox.min.css]
[staking.shila.tech/stake/css/slick.css]
[app.howlfinance.com/images/menu.png]
[staking.shila.tech/stake/fonts/fa-solid-900.svg]
[staking.shila.tech/stake/style.css]
[staking.shila.tech/stake/css/responsive.css]
[staking.shila.tech/stake/sweetalert2/dist/sweetalert2.css]
[staking.shila.tech/stake/sweetalert2/dist/sweetalert2.min.css]
[staking.shila.tech/stake/index.html]
[staking.shila.tech/stake/js/chart-function.js]
[staking.shila.tech/htdocs_error/style.html]
[maxcdn.bootstrapcdn.com/bootstrap/3.3.7/css/bootstrap.min.css]
[staking.shila.tech/htdocs_error/something-lost.html]
[staking.shila.tech/stake/fonts/fa-brands-400.svg]
[staking.shila.tech/stake/fonts/fa-regular-400.svg]
[staking.shila.tech/stake/fonts/fa-solid-900.svg]
[staking.shila.tech/stake/css/owl.video.play.html]
[staking.shila.tech/stake/images/other/line1.html]
[staking.shila.tech/stake/images/other/line2.html]
[staking.shila.tech/stake/images/Backgrounds/bg3_.html]
[staking.shila.tech/stake/images/Backgrounds/bg.html]
[staking.shila.tech/stake/images/Backgrounds/stars-div.html]
[staking.shila.tech/stake/images/arrow1.html]
[staking.shila.tech/stake/images/diamond-base.html]
[staking.shila.tech/stake/images/diamond-main.html]
[staking.shila.tech/stake/images/diamond-top.html]
[staking.shila.tech/stake/images/diamond-base-1.html]
[staking.shila.tech/stake/images/bitcoin-inside.html]
[staking.shila.tech/stake/images/diamond-top-lines.html]
[staking.shila.tech/stake/images/diamond-top-coin.html]
[staking.shila.tech/stake/images/diamond-grid-1.html]
[staking.shila.tech/stake/images/diamond-top-ring.html]
[staking.shila.tech/stake/images/OrbitSquare.html]
[staking.shila.tech/stake/images/diamond-grid-2.html]
[staking.shila.tech/stake/images/page-header-bg.html]
[staking.shila.tech/stake/images/platinum-base.html]
[staking.shila.tech/stake/images/platinum-base-line.html]
[staking.shila.tech/stake/images/platinum-waves.html]
[staking.shila.tech/stake/images/coin-bg-icon.html]
[staking.shila.tech/stake/images/gold-animation-icon.html]
[staking.shila.tech/stake/images/platinum-top-lines.html]
[staking.shila.tech/stake/images/platinum-move-1.html]
[staking.shila.tech/stake/images/platinum-move-2.html]
[staking.shila.tech/stake/images/platinum-move-3.html]
[staking.shila.tech/stake/images/mercury-numbers-1.html]
[staking.shila.tech/stake/images/mercury-earth-map.html]
[staking.shila.tech/stake/images/mercury-earth.html]
[staking.shila.tech/stake/images/earth-icon-1.html]
[staking.shila.tech/stake/images/earth-icon-2.html]
[staking.shila.tech/stake/images/earth-icon-3.html]
[staking.shila.tech/stake/images/earth-icon-4.html]
[staking.shila.tech/stake/images/earth-icon-5.html]
[staking.shila.tech/stake/images/earth-icon-6.html]
[staking.shila.tech/stake/images/mercury-earth-cover.html]
[staking.shila.tech/stake/images/coinpool-dots-circle.html]
[staking.shila.tech/stake/images/coin-1.html]
[staking.shila.tech/stake/images/coin-2.html]
[staking.shila.tech/stake/images/coin-3.html]
[staking.shila.tech/stake/images/coin-4.html]
[staking.shila.tech/stake/images/coin-5.html]
[staking.shila.tech/stake/images/coin-6.html]
[staking.shila.tech/stake/images/coin-7.html]
[staking.shila.tech/stake/images/tr-circle-bg.html]
[staking.shila.tech/stake/images/bg-2.html]
[staking.shila.tech/stake/images/map-bg.html]
[staking.shila.tech/stake/images/slider-line.html]
[staking.shila.tech/stake/images/question-img.html]
[staking.shila.tech/stake/images/question-img-rev.html]
[staking.shila.tech/stake/images/team-bg.html]
[staking.shila.tech/stake/images/bg-1.html]
[staking.shila.tech/stake/images/footer-2-bg.html]
[staking.shila.tech/stake/images/line1.html]
[staking.shila.tech/stake/images/video-bg-1.html]
[staking.shila.tech/stake/images/user-icon.html]
[staking.shila.tech/stake/images/email-icon.html]
[staking.shila.tech/stake/images/phone-icon.html]
[staking.shila.tech/stake/images/company-icon.html]
[staking.shila.tech/stake/images/message-icon.html]
[staking.shila.tech/stake/images/exchange-list-icon-2.html]
[staking.shila.tech/stake/images/exchange-list-icon.html]
[staking.shila.tech/stake/images/play-btn.html]
[staking.shila.tech/stake/images/pause-btn.html]
[staking.shila.tech/stake/images/Backgrounds/BG-2.html]
[staking.shila.tech/stake/images/down-arrow.html]
[staking.shila.tech/stake/images/bg-5.html]
[staking.shila.tech/stake/images/bg-4.html]
[staking.shila.tech/stake/images/line2.html]
